
> forecast-dash-temp@0.1.0 build
> next build

   Creating an optimized production build ...
